cli mode, Current OrcaSlicer Version 2.4.2
Will start to read model file now, file count :1
allow_multicolor_oneplate 1, allow_rotations 1 skip_modified_gcodes 0 avoid_extrusion_cali_region 0 loaded_filament_ids size 0, clone_objects size 0, skip_useless_pick 0, allow_newer_file 0, allow_mix_temp 0
plate_to_slice=0, normative_check=1, use_first_fila_as_default=0
read model file:/Users/retsamcam/Developer/toy-soldiers/stl/heavy.stl
TriangleMesh::repair() started
TriangleMesh::repair() finished
object heavy.stl, id :5, from stl or other 3mf
run:before load settings, file count=2
operator():load setting file /Applications/OrcaSlicer.app/Contents/Resources/profiles/Elegoo/machine/EN4SERIES/Elegoo Neptune 4 0.4 nozzle.json, with rule 1
no substitutions performed from file /Applications/OrcaSlicer.app/Contents/Resources/profiles/Elegoo/machine/EN4SERIES/Elegoo Neptune 4 0.4 nozzle.json
loaded machine config /Applications/OrcaSlicer.app/Contents/Resources/profiles/Elegoo/machine/EN4SERIES/Elegoo Neptune 4 0.4 nozzle.json, type Elegoo Neptune 4 0.4 nozzle, name system, inherits Elegoo Neptune 4 0.4 nozzle, printer_model_id 
operator():load setting file /Applications/OrcaSlicer.app/Contents/Resources/profiles/Elegoo/process/EN4SERIES/0.20mm Standard @Elegoo N4 0.4 nozzle.json, with rule 1
no substitutions performed from file /Applications/OrcaSlicer.app/Contents/Resources/profiles/Elegoo/process/EN4SERIES/0.20mm Standard @Elegoo N4 0.4 nozzle.json
loaded process config /Applications/OrcaSlicer.app/Contents/Resources/profiles/Elegoo/process/EN4SERIES/0.20mm Standard @Elegoo N4 0.4 nozzle.json, type 0.20mm Standard @Elegoo N4 0.4 nozzle, name system, inherits 0.20mm Standard @Elegoo N4 0.4 nozzle
operator():load setting file /Applications/OrcaSlicer.app/Contents/Resources/profiles/Elegoo/filament/EN4SERIES/Elegoo PLA @EN4 Series.json, with rule 1
no substitutions performed from file /Applications/OrcaSlicer.app/Contents/Resources/profiles/Elegoo/filament/EN4SERIES/Elegoo PLA @EN4 Series.json
loaded filament 1 from file /Applications/OrcaSlicer.app/Contents/Resources/profiles/Elegoo/filament/EN4SERIES/Elegoo PLA @EN4 Series.json, type system, name Elegoo PLA @EN4 Series, inherits 
current printer , new printer Elegoo Neptune 4 0.4 nozzle, current process , new process 0.20mm Standard @Elegoo N4 0.4 nozzle
current printer inherits , new printer inherits Elegoo Neptune 4 0.4 nozzle, current process inherits , new process inherits 0.20mm Standard @Elegoo N4 0.4 nozzle
index 0, new print compatible printer Elegoo Neptune 4 0.4 nozzle
new printer Elegoo Neptune 4 0.4 nozzle, inherited from Elegoo Neptune 4 0.4 nozzle, new process 0.20mm Standard @Elegoo N4 0.4 nozzle, inherited from 0.20mm Standard @Elegoo N4 0.4 nozzle ,compatible 1
update printer config to newest, different size 0, different_settings: 
update_full_config: config keys count 54
load a new printer, update all the keys, different_settings: 
check printer cli safe params, current_printer_name , new_printer_name Elegoo Neptune 4 0.4 nozzle, printer_model Elegoo Neptune 4
line 2877 , will parse file /Applications/OrcaSlicer.app/Contents/Resources/profiles/BBL/cli_config.json
can not find key Elegoo Neptune 4 in the file
update process config to newest, different size 0, different_settings: 
update_full_config: config keys count 8
load a new process, update all the keys, different_settings: 
update filament 1's config to newest, different size 0, name Elegoo PLA @EN4 Series, different_settings 
skip scalar option inherits from filament 1: Elegoo PLA @EN4 Series
no filament colors found in projects
total 1 models, 0 objects
3657, remove_wrapping_detect 0, old value 0
set_index: plate_id update from 0 to 0
set_index: plate_id update from 1794507392 to 1
translate_old 0, shrink_to_new_bed 0, old bed size {230, 230, 265}
reset_size:before size: plate_width 0, plate_depth 0, plate_height 0
reset_size:after size: plate_width 230, plate_depth 230, plate_height 265
set_pos_and_size: plate_id 0, before, origin {0,0,0}, plate_width 0, plate_depth 0, plate_height 0
set_pos_and_size: with_instance_move 0, after, origin {0,0,0}, plate_width 230, plate_depth 230, plate_height 265
update_slice_result_valid_state: plate 0 , update slice result from 0 to 0
set_pos_and_size: plate_id 1, before, origin {0,0,0}, plate_width 0, plate_depth 0, plate_height 0
set_pos_and_size: with_instance_move 0, after, origin {276,0,0}, plate_width 230, plate_depth 230, plate_height 265
update_slice_result_valid_state: plate 1 , update slice result from 0 to 0
update_slice_result_valid_state: plate 0 , update slice result from 0 to 0
update_slice_result_valid_state: plate 1 , update slice result from 0 to 0
will start transforms, commands count 0
finished model pre-process commands
Before process command, no need to orient, object id :5
before arrange, need_arrange=1, duplicate_count 0, filament_color_changed 0
preprocess_arrange_polygon: not in any plates, bed_idx 0, translation(x) 0, (y) 0
arrange bedpts:3400000 3400000, 226600000   3400000, 226600000 226600000,   3400000 226600000
Arrange full params: {"min_obj_distance":0,"accuracy":1.000000,"parallel":1,"allow_rotations":1,"do_final_align":1,"allow_multi_materials_on_same_plate":1,"avoid_extrusion_cali_region":0,"is_seq_print":0,"bed_shrink_x":3.400000,"bed_shrink_y":3.400000,"brim_skirt_distance":2.400000,"clearance_height_to_rod":34.000000,"clearance_height_to_lid":34.000000,"clearance_radius":47.000000,"printable_height":265.000000,
arrange: items selected before arranging: 1
arrange: items unselected before arranging: 0
start 1 th arranging...
arrange progress: initial order: heavy.stl, p=0, bed_temp=35, height=68.7395, area=8.52488e+14
arrange progress: heavy.stl bed_id=0,score=0.200000, score_all_plates=0.200000
arrange heavy.stl succeed!, plate id=0, pos=211.946,209.029, temp_type=1
finished 1 th arranging...
update_slice_result_valid_state: plate 0 , update slice result from 0 to 0
update_slice_result_valid_state: plate 1 , update slice result from 0 to 0
postprocess_bed_index_for_selected: bed_idx 0, locked_plate -1, translation(x) 117.235, (y) 116.111
postprocess_bed_index_for_selected:found in plate_index 0, bed_idx 0
postprocess_arrange_polygon: bed_idx 0, selected 1, translation(x) 117.235, (y) 116.111
rebuild_plates_after_arrangement:before rebuild, plates count 1, recycle_plates 1
update_slice_result_valid_state: plate 0 , update slice result from 0 to 0
update_slice_result_valid_state: plate 1 , update slice result from 0 to 0
reload_all_objects: m_model->objects.size() is 1
add_instance: plate_id 0, add instance obj_id 0, instance_id 0, move_position 0
add_instance: plate 0 , m_ready_for_slice changes to 1
reload_all_objects: found plate_id 0, for obj_id 0, instance_id 0
rebuild_plates_after_arrangement:after rebuild, plates count 1
Need to slice for plate 0, total plate count 1 partplates!
Plate 1: pre_check 1, start
BuildVolume printable_area clasified as: Rectangle
update_print_volume_state, print_volume {0, 0, 0} to {230, 230, 265}, got 1 printable istances
volume triangle count 31522, total 31522
plate 1: load cached data success, go on.
apply, Line 1120: enter
apply, has_scarf_joint_seam:false
apply, got print_diff 37, object_diff 3, region_diff 1, set status to APPLY_STATUS_CHANGED
apply 1260: found full_config_diff changed.
apply 1590: found print object changed.
apply 1787: finished,  this 0xae9234000, m_modified_count 1, apply_status 1, m_support_used 0
set no_check to 0:
printer_model_string: Elegoo Neptune 4, is_bbl_vendor_preset 0
start Print::process for partplate 1
set print's callback to default_status_callback.
process: this=0xae9234000, enter, use_cache=0, object size=1
process: total object counts 1 in current print, need to slice 1
Starting the slicing process. Resident memory: 53MB; Peak memory usage: 53MB
default_status_callback: percent=5, warning_step=-1, message=Slicing mesh, message_type=0
Slicing volumes... Resident memory: 53MB; Peak memory usage: 53MB
slice_mesh to polygons
Slicing volumes - removing top empty layers
Make overhang printable...
angle 0.959931 maxHoleArea 0 tan_angle 1.42815
layer_thickness 0.2 max_dist_from_lower_layer 0.28563
Slicing volumes - make_slices in parallel - begin
Slicing volumes - make_slices in parallel - end
default_status_callback: percent=15, warning_step=-1, message=Generating walls, message_type=0
Generating walls... Resident memory: 91MB; Peak memory usage: 91MB
Generating perimeters in parallel - start
Generating perimeters in parallel - end
SupportSpotsGenerator: applying filament type: PLA
default_status_callback: percent=25, warning_step=-1, message=Generating infill regions, message_type=0
Detecting solid surfaces... Resident memory: 100MB; Peak memory usage: 100MB
Detecting solid surfaces for region 0 in parallel - start
Detecting solid surfaces for region 0 - clipping in parallel - start
Detecting solid surfaces for region 0 - clipping in parallel - end
Preparing fill surfaces... Resident memory: 102MB; Peak memory usage: 102MB
Discovering vertical shells... Resident memory: 102MB; Peak memory usage: 102MB
Discovering vertical shells for region 0 in parallel - start : cache top / bottom
Discovering vertical shells for region 0 in parallel - end : cache top / bottom
Discovering vertical shells for region 0 in parallel - start : ensure vertical wall thickness
Discovering vertical shells for region 0 in parallel - end
Processing external surfaces... Resident memory: 105MB; Peak memory usage: 105MB
Processing external surfaces for region 0 in parallel - start
Processing external surfaces for region 0 in parallel - end
Bridge over infill - Start Resident memory: 105MB; Peak memory usage: 105MB
Bridge over infill - Directions and expanded surfaces computed Resident memory: 105MB; Peak memory usage: 105MB
Bridge over infill - End Resident memory: 105MB; Peak memory usage: 105MB
default_status_callback: percent=35, warning_step=-1, message=Generating infill toolpath, message_type=0
Filling layers in parallel - start
Filling layers in parallel - end
Ironing in parallel - start
Ironing in parallel - end
default_status_callback: percent=50, warning_step=-1, message=Checking support necessity, message_type=0
found a cantilever cluster. layer_nr=2084.63209e+06
found a cantilever cluster. layer_nr=2084.63209e+06
max_cantilever_dist=4.63209e+06
is_support_necessary takes 0 secs.
default_status_callback: percent=-1, warning_step=7, message=It seems object heavy.stl has floating regions. Please re-orient the object or enable support generation., message_type=2
default_status_callback: percent=71, warning_step=-1, message=Detect overhangs for auto-lift, message_type=0
default_status_callback: percent=70, warning_step=-1, message=Generating skirt & brim, message_type=0
default_status_callback: percent=-1, warning_step=1, message=Object can't be printed for empty layer between 66 and 67.2.
Object: heavy.stl
Maybe parts of the object at these height are too thin, or the object has faulty mesh, message_type=3
default_status_callback: percent=75, warning_step=-1, message=Optimizing toolpath, message_type=0
Simplify extrusion path of object in parallel - start
Simplify wall extrusion path of object in parallel - end
default_status_callback: percent=75, warning_step=-1, message=Optimizing toolpath, message_type=0
Simplify infill extrusion path of object in parallel - start
Simplify infill extrusion path of object in parallel - end
default_status_callback: percent=75, warning_step=-1, message=Optimizing toolpath, message_type=0
Simplify extrusion path of support in parallel - start
Simplify extrusion path of support in parallel - end
gcode path conflicts check takes 0 secs.
Slicing process finished. Resident memory: 110MB; Peak memory usage: 110MB
print::process: first time_using_cache is 0 secs.
plate 1: found NON_CRITICAL slicing warnings: It seems object heavy.stl has floating regions. Please re-orient the object or enable support generation.
plate 1: found slicing warnings: Object can't be printed for empty layer between 66 and 67.2.
Object: heavy.stl
Maybe parts of the object at these height are too thin, or the object has faulty mesh, no_check=0
update_slice_result_valid_state: plate 0 , update slice result from 0 to 0
update_slice_result_valid_state: plate 0 , update slice result from 0 to 0
~PrintObject: this=0x10c713d10, m_shared_object 0
update_slice_result_valid_state: plate 1 , update slice result from 0 to 0
update_slice_result_valid_state: plate 1 , update slice result from 0 to 0
